
> inmueble-advisor@0.0.0 test
> vitest --reporter=verbose --run src/components/catalogo/test_ModelDetailsContent.jsx


[1m[46m RUN [49m[22m [36mv4.0.15 [39m[90mC:/Users/novat/inmueble-advisor[39m

node.exe : 
En línea: 1 Carácter: 1
+ & "C:\Program 
Files\nodejs/node.exe" 
"C:\Program 
Files\nodejs/node_mo ...
+ ~~~~~~~~~~~~~~~~~~~~~~~~~
~~~~~~~~~~~~~~~~~~~~~~~~~~~
~~~~~~~~~~~~~~~~~
    + CategoryInfo         
     : NotSpecified: (:St  
  ring) [], RemoteExcept   
 ion
    + FullyQualifiedErrorI 
   d : NativeCommandError
 
[31mÔÄ»ÔÄ»ÔÄ»ÔÄ»ÔÄ»ÔÄ»[39
m[1m[41m Failed Suites 1 
[49m[22m[31mÔÄ»ÔÄ»ÔÄ»ÔÄ»
ÔÄ»ÔÄ»ÔÄ»[39m

[41m[1m FAIL [22m[49m s
rc/components/catalogo/test
_ModelDetailsContent.jsx[2
m [ src/components/catalogo
/test_ModelDetailsContent.j
sx ][22m
[31m[1mError[22m: 
Failed to resolve import ".
./../styles/model-details/M
odelHeader.css" from "src/c
omponents/catalogo/model-de
tails/ModelHeader.jsx". 
Does the file exist?[39m
  Plugin: [35mvite:import-
analysis[39m
  File: [36mC:/Users/novat
/inmueble-advisor/src/compo
nents/catalogo/model-detail
s/ModelHeader.jsx[39m:3:7
[33m  2  |  import React, 
{ useState } from "react";
  3  |  import { 
ChevronLeft } from 
"lucide-react";
  4  |  import "../../style
s/model-details/ModelHeader
.css";
     |          ^
  5  |  export default 
function ModelHeader({ 
galeriaItems = [], 
esPreventa, isModal, 
onBack }) {
  6  |    const 
[activeIndex, 
setActiveIndex] = 
useState(0);[39m
[90m [2mÔØ»[22m Transfor
mPluginContext._formatLog n
ode_modules/vite/dist/node/
chunks/dep-D4NMHUTW.js:[2m
42528:41[22m[39m
[90m [2mÔØ»[22m Transfor
mPluginContext.error node_m
odules/vite/dist/node/chunk
s/dep-D4NMHUTW.js:[2m42525
:16[22m[39m
[90m [2mÔØ»[22m 
normalizeUrl node_modules/v
ite/dist/node/chunks/dep-D4
NMHUTW.js:[2m40504:23[22m
[39m
[90m [2mÔØ»[22m node_mod
ules/vite/dist/node/chunks/
dep-D4NMHUTW.js:[2m40623:3
7[22m[39m
[90m [2mÔØ»[22m Transfor
mPluginContext.transform no
de_modules/vite/dist/node/c
hunks/dep-D4NMHUTW.js:[2m4
0550:7[22m[39m
[90m [2mÔØ»[22m Environm
entPluginContainer.transfor
m node_modules/vite/dist/no
de/chunks/dep-D4NMHUTW.js:
[2m42323:18[22m[39m
[90m [2mÔØ»[22m 
loadAndTransform node_modul
es/vite/dist/node/chunks/de
p-D4NMHUTW.js:[2m35739:27
[22m[39m

[31m[2mÔÄ»ÔÄ»ÔÄ»ÔÄ»ÔÄ»ÔÄ»
ÔÄ»ÔÄ»ÔÄ»ÔÄ»ÔÄ»ÔÄ»ÔÄ»ÔÄ»ÔÄ»
ÔÄ»ÔÄ»ÔÄ»ÔÄ»ÔÄ»ÔÄ»ÔÄ»ÔÄ»ÔÄ»
[1/1]ÔÄ»[22m[39m


[2m Test Files [22m [1m[31m1 failed[39m[22m[90m (1)[39m
[2m      Tests [22m [2mno tests[22m
[2m   Start at [22m 12:34:40
[2m   Duration [22m 1.95s[2m (transform 167ms, setup 170ms, import 0ms, tests 0ms, environment 1.17s)[22m

