
> inmueble-advisor@0.0.0 build
> vite build

[36mvite v6.4.1 [32mbuilding for production...[36m[39m
transforming...
[32mÔ£ô[39m 2737 modules transformed.
rendering chunks...
node.exe : [33m[esbuild css minify]
En línea: 1 Carácter: 1
+ & "C:\Program Files\nodejs/node.exe" 
"C:\Program Files\nodejs/node_mo ...
+ ~~~~~~~~~~~~~~~~~~~~~~~~~~~~~~~~~~~~~~~~~
~~~~~~~~~~~~~~~~~~~~~~~~~~~~
    + CategoryInfo          : NotSpecified 
   : ([33m[esbuild css minify]:String) [  
  ], RemoteException
    + FullyQualifiedErrorId : NativeComman 
   dError
 
Ôû▓ [WARNING] Unexpected "}" 
[css-syntax-error]

    <stdin>:418:0:
      418 Ôöé }
          ÔòÁ ^

[39m
[33m[plugin vite:reporter] 
(!) C:/Users/novat/inmueble-advisor/node_mo
dules/firebase/functions/dist/esm/index.esm
.js is dynamically imported by C:/Users/nov
at/inmueble-advisor/src/services/meta.servi
ce.js but also statically imported by C:/Us
ers/novat/inmueble-advisor/src/components/c
atalogo/DevelopmentDetailsContent.jsx, C:/U
sers/novat/inmueble-advisor/src/firebase/co
nfig.js, C:/Users/novat/inmueble-advisor/sr
c/repositories/lead.repository.js, C:/Users
/novat/inmueble-advisor/src/services/admin.
service.js, C:/Users/novat/inmueble-advisor
/src/services/auth.service.js, C:/Users/nov
at/inmueble-advisor/src/services/service.pr
ovider.js, dynamic import will not move 
module into another chunk.
[39m
computing gzip size...
[2mdist/[22m[32mindex.html                                     [39m[1m[2m  1.79 kB[22m[1m[22m[2m Ôöé gzip:   0.92 kB[22m
[2mdist/[22m[35massets/DevelopmentDetailsContent-CqmDRJSR.css  [39m[1m[2m  2.14 kB[22m[1m[22m[2m Ôöé gzip:   0.89 kB[22m
[2mdist/[22m[35massets/Favoritos-Bb_vBdWX.css                  [39m[1m[2m  3.02 kB[22m[1m[22m[2m Ôöé gzip:   1.05 kB[22m
[2mdist/[22m[35massets/LeadCaptureForm-DTl52Aru.css            [39m[1m[2m  5.46 kB[22m[1m[22m[2m Ôöé gzip:   1.53 kB[22m
[2mdist/[22m[35massets/ModelDetailsContent-Cr5Dz0rh.css        [39m[1m[2m  6.24 kB[22m[1m[22m[2m Ôöé gzip:   1.65 kB[22m
[2mdist/[22m[35massets/Catalogo-C6CzgZa6.css                   [39m[1m[2m 10.23 kB[22m[1m[22m[2m Ôöé gzip:   2.40 kB[22m
[2mdist/[22m[35massets/leaflet-CIGW-MKW.css                    [39m[1m[2m 15.61 kB[22m[1m[22m[2m Ôöé gzip:   6.46 kB[22m
[2mdist/[22m[35massets/index-FM4E9GYD.css                      [39m[1m[2m 56.34 kB[22m[1m[22m[2m Ôöé gzip:  10.34 kB[22m
[2mdist/[22m[36massets/DataTable-BE5CTmWX.js                   [39m[1m[2m  1.10 kB[22m[1m[22m[2m Ôöé gzip:   0.59 kB[22m
[2mdist/[22m[36massets/AdminUsers-Cd1NL7-b.js                  [39m[1m[2m  1.62 kB[22m[1m[22m[2m Ôöé gzip:   0.83 kB[22m
[2mdist/[22m[36massets/AdminHome-CmR-U_ZH.js                   [39m[1m[2m  1.82 kB[22m[1m[22m[2m Ôöé gzip:   0.86 kB[22m
[2mdist/[22m[36massets/AdminDataExport-Dyc_Hc4d.js             [39m[1m[2m  2.33 kB[22m[1m[22m[2m Ôöé gzip:   1.01 kB[22m
[2mdist/[22m[36massets/DetalleDesarrollo-C-sPoNMT.js           [39m[1m[2m  2.56 kB[22m[1m[22m[2m Ôöé gzip:   1.31 kB[22m
[2mdist/[22m[36massets/DetalleModelo-CdZU5L07.js               [39m[1m[2m  2.67 kB[22m[1m[22m[2m Ôöé gzip:   1.39 kB[22m
[2mdist/[22m[36massets/DevelopmentDetailsContent-DbyfFvWs.js   [39m[1m[2m  4.14 kB[22m[1m[22m[2m Ôöé gzip:   1.90 kB[22m
[2mdist/[22m[36massets/AdvisorsDirectory-Bv01mHIg.js           [39m[1m[2m  4.38 kB[22m[1m[22m[2m Ôöé gzip:   1.43 kB[22m
[2mdist/[22m[36massets/AdminLeads-nmdZlsN-.js                  [39m[1m[2m  6.89 kB[22m[1m[22m[2m Ôöé gzip:   2.82 kB[22m
[2mdist/[22m[36massets/ModelDetailsContent-Bpxxl4cR.js         [39m[1m[2m 12.27 kB[22m[1m[22m[2m Ôöé gzip:   3.89 kB[22m
[2mdist/[22m[36massets/Favoritos-B1d3zkrm.js                   [39m[1m[2m 14.20 kB[22m[1m[22m[2m Ôöé gzip:   4.49 kB[22m
[2mdist/[22m[36massets/Catalogo-B3kN_OVj.js                    [39m[1m[2m 27.82 kB[22m[1m[22m[2m Ôöé gzip:   8.60 kB[22m
[2mdist/[22m[36massets/ui-vendor-BwjsCra1.js                   [39m[1m[2m 52.68 kB[22m[1m[22m[2m Ôöé gzip:  18.30 kB[22m
[2mdist/[22m[36massets/LeadCaptureForm-CmILMqMZ.js             [39m[1m[2m 61.97 kB[22m[1m[22m[2m Ôöé gzip:  21.54 kB[22m
[2mdist/[22m[36massets/maps-vendor-C4liza9T.js                 [39m[1m[2m154.18 kB[22m[1m[22m[2m Ôöé gzip:  45.05 kB[22m
[2mdist/[22m[36massets/index-Bo3OX2jO.js                       [39m[1m[2m466.00 kB[22m[1m[22m[2m Ôöé gzip: 150.19 kB[22m
[2mdist/[22m[36massets/firebase-vendor-eL9_qhio.js             [39m[1m[2m511.30 kB[22m[1m[22m[2m Ôöé gzip: 120.31 kB[22m
[32mÔ£ô built in 9.90s[39m
