
[1m[46m RUN [49m[22m [36mv4.0.15 [39m[90mC:/Users/novat/inmueble-advisor[39m

 [31mÔØ»[39m src/hooks/test_useMortgageSimulator.test.js [2m([22m[2m5 tests[22m[2m | [22m[31m1 failed[39m[2m)[22m[32m 35[2mms[22m[39m
     [32mÔ£ô[39m deber├¡a inicializar con estado vac├¡o[32m 15[2mms[22m[39m
     [32mÔ£ô[39m simulate() deber├¡a llamar a mortgageSimulator.getSimulation y actualizar result[32m 4[2mms[22m[39m
     [32mÔ£ô[39m simulate() deber├¡a manejar un resultado con error sin romper la UI[32m 3[2mms[22m[39m
     [32mÔ£ô[39m simulateAccelerated() deber├¡a delegar al servicio y retornar el resultado[32m 2[2mms[22m[39m
[31m     [31m├ù[31m simulateAccelerated() deber├¡a retornar error controlado si el servicio lanza excepci├│n[39m[32m 9[2mms[22m[39m

[2m Test Files [22m [1m[31m1 failed[39m[22m[90m (1)[39m
[2m      Tests [22m [1m[31m1 failed[39m[22m[2m | [22m[1m[32m4 passed[39m[22m[90m (5)[39m
[2m   Start at [22m 16:38:15
[2m   Duration [22m 1.20s[2m (transform 58ms, setup 127ms, import 152ms, tests 35ms, environment 703ms)[22m

